// Jest Snapshot v1, https://goo.gl/fbAQLP

exports[`Pruebas del Componente <GifGridItem /> Debe de mostrar el componente correctamente.  1`] = `
<div
  className="card animate__animated animate__fadeIn"
>
  <img />
  <p />
</div>
`;
